\BOOKMARK [0][-]{chapter*.1}{\376\377\000D\000\351\000d\000i\000c\000a\000c\000e}{}% 1
\BOOKMARK [0][-]{chapter*.2}{\376\377\000R\000e\000m\000e\000r\000c\000i\000e\000m\000e\000n\000t\000s}{}% 2
\BOOKMARK [0][-]{chapter*.3}{\376\377\000L\000i\000s\000t\000e\000\040\000d\000e\000s\000\040\000A\000b\000r\000\351\000v\000i\000a\000t\000i\000o\000n\000s}{}% 3
\BOOKMARK [0][-]{chapter*.7}{\376\377\000I\000n\000t\000r\000o\000d\000u\000c\000t\000i\000o\000n\000\040\000G\000\351\000n\000\351\000r\000a\000l\000e}{}% 4
\BOOKMARK [0][-]{chapter.1}{\376\377\000C\000a\000d\000r\000e\000\040\000g\000\351\000n\000\351\000r\000a\000l\000\040\000d\000u\000\040\000p\000r\000o\000j\000e\000t}{}% 5
\BOOKMARK [1][-]{section.1.1}{\376\377\000I\000n\000t\000r\000o\000d\000u\000c\000t\000i\000o\000n}{chapter.1}% 6
\BOOKMARK [1][-]{section.1.2}{\376\377\000P\000r\000\351\000s\000e\000n\000t\000a\000t\000i\000o\000n\000\040\000d\000e\000\040\000l\000'\000o\000r\000g\000a\000n\000i\000s\000m\000e\000\040\000d\000'\000a\000c\000c\000u\000e\000i\000l}{chapter.1}% 7
\BOOKMARK [1][-]{section.1.3}{\376\377\000P\000r\000\351\000s\000e\000n\000t\000a\000t\000i\000o\000n\000\040\000d\000u\000\040\000p\000r\000o\000j\000e\000t\000\040\000I\000n\000v\000i\000s\000i\000T\000h\000r\000e\000a\000t}{chapter.1}% 8
\BOOKMARK [2][-]{subsection.1.3.1}{\376\377\000C\000o\000n\000t\000e\000x\000t\000e\000\040\000g\000\351\000n\000\351\000r\000a\000l}{section.1.3}% 9
\BOOKMARK [2][-]{subsection.1.3.2}{\376\377\000D\000\351\000f\000i\000n\000i\000t\000i\000o\000n\000\040\000d\000e\000\040\000l\000a\000\040\000m\000i\000s\000s\000i\000o\000n}{section.1.3}% 10
\BOOKMARK [2][-]{subsection.1.3.3}{\376\377\000P\000r\000o\000b\000l\000\351\000m\000a\000t\000i\000q\000u\000e}{section.1.3}% 11
\BOOKMARK [2][-]{subsection.1.3.4}{\376\377\000O\000b\000j\000e\000c\000t\000i\000f\000s\000\040\000d\000u\000\040\000p\000r\000o\000j\000e\000t}{section.1.3}% 12
\BOOKMARK [2][-]{subsection.1.3.5}{\376\377\000P\000\351\000r\000i\000m\000\350\000t\000r\000e\000\040\000d\000u\000\040\000p\000r\000o\000j\000e\000t}{section.1.3}% 13
\BOOKMARK [1][-]{section.1.4}{\376\377\000\311\000t\000u\000d\000e\000\040\000e\000t\000\040\000c\000r\000i\000t\000i\000q\000u\000e\000\040\000d\000e\000\040\000l\000'\000e\000x\000i\000s\000t\000a\000n\000t}{chapter.1}% 14
\BOOKMARK [2][-]{subsection.1.4.1}{\376\377\000P\000a\000n\000o\000r\000a\000m\000a\000\040\000d\000e\000s\000\040\000s\000o\000l\000u\000t\000i\000o\000n\000s\000\040\000e\000x\000i\000s\000t\000a\000n\000t\000e\000s}{section.1.4}% 15
\BOOKMARK [3][-]{subsubsection.1.4.1.1}{\376\377\000S\000o\000n\000a\000r\000Q\000u\000b\000e}{subsection.1.4.1}% 16
\BOOKMARK [3][-]{subsubsection.1.4.1.2}{\376\377\000B\000u\000r\000p\000\040\000S\000u\000i\000t\000e\000\040\000P\000r\000o\000f\000e\000s\000s\000i\000o\000n\000a\000l}{subsection.1.4.1}% 17
\BOOKMARK [3][-]{subsubsection.1.4.1.3}{\376\377\000C\000h\000e\000c\000k\000m\000a\000r\000x}{subsection.1.4.1}% 18
\BOOKMARK [3][-]{subsubsection.1.4.1.4}{\376\377\000S\000n\000y\000k}{subsection.1.4.1}% 19
\BOOKMARK [3][-]{subsubsection.1.4.1.5}{\376\377\000O\000W\000A\000S\000P\000\040\000Z\000A\000P}{subsection.1.4.1}% 20
\BOOKMARK [2][-]{subsection.1.4.2}{\376\377\000C\000r\000i\000t\000i\000q\000u\000e\000s\000\040\000e\000t\000\040\000r\000e\000c\000o\000m\000m\000a\000n\000d\000a\000t\000i\000o\000n\000s}{section.1.4}% 21
\BOOKMARK [3][-]{subsubsection.1.4.2.1}{\376\377\000S\000y\000n\000t\000h\000\350\000s\000e\000\040\000c\000o\000m\000p\000a\000r\000a\000t\000i\000v\000e}{subsection.1.4.2}% 22
\BOOKMARK [3][-]{subsubsection.1.4.2.2}{\376\377\000C\000r\000i\000t\000i\000q\000u\000e\000\040\000d\000e\000\040\000l\000'\000e\000x\000i\000s\000t\000a\000n\000t}{subsection.1.4.2}% 23
\BOOKMARK [2][-]{subsection.1.4.3}{\376\377\000S\000o\000l\000u\000t\000i\000o\000n\000\040\000p\000r\000o\000p\000o\000s\000\351\000e}{section.1.4}% 24
\BOOKMARK [1][-]{section.1.5}{\376\377\000M\000\351\000t\000h\000o\000d\000o\000l\000o\000g\000i\000e\000\040\000d\000e\000\040\000d\000\351\000v\000e\000l\000o\000p\000p\000e\000m\000e\000n\000t}{chapter.1}% 25
\BOOKMARK [2][-]{subsection.1.5.1}{\376\377\000C\000h\000o\000i\000x\000\040\000m\000\351\000t\000h\000o\000d\000o\000l\000o\000g\000i\000q\000u\000e\000\040\000:\000\040\000S\000c\000r\000u\000m}{section.1.5}% 26
\BOOKMARK [3][-]{subsubsection.1.5.1.1}{\376\377\000\311\000t\000u\000d\000e\000\040\000c\000o\000m\000p\000a\000r\000a\000t\000i\000v\000e\000\040\000d\000e\000s\000\040\000m\000\351\000t\000h\000o\000d\000o\000l\000o\000g\000i\000e\000s}{subsection.1.5.1}% 27
\BOOKMARK [3][-]{subsubsection.1.5.1.2}{\376\377\000V\000a\000l\000e\000u\000r\000s\000\040\000f\000o\000n\000d\000a\000m\000e\000n\000t\000a\000l\000e\000s\000\040\000d\000e\000\040\000l\000'\000A\000g\000i\000l\000e}{subsection.1.5.1}% 28
\BOOKMARK [3][-]{subsubsection.1.5.1.3}{\376\377\000P\000r\000\351\000s\000e\000n\000t\000a\000t\000i\000o\000n\000\040\000d\000e\000\040\000S\000c\000r\000u\000m}{subsection.1.5.1}% 29
\BOOKMARK [3][-]{subsubsection.1.5.1.4}{\376\377\000L\000e\000s\000\040\000t\000r\000o\000i\000s\000\040\000p\000i\000l\000i\000e\000r\000s\000\040\000d\000e\000\040\000S\000c\000r\000u\000m}{subsection.1.5.1}% 30
\BOOKMARK [2][-]{subsection.1.5.2}{\376\377\000R\000\364\000l\000e\000s\000\040\000e\000t\000\040\000c\000\351\000r\000\351\000m\000o\000n\000i\000e\000s}{section.1.5}% 31
\BOOKMARK [3][-]{subsubsection.1.5.2.1}{\376\377\000A\000r\000t\000e\000f\000a\000c\000t\000s\000\040\000d\000e\000\040\000S\000c\000r\000u\000m}{subsection.1.5.2}% 32
\BOOKMARK [1][-]{section.1.6}{\376\377\000C\000o\000n\000c\000l\000u\000s\000i\000o\000n}{chapter.1}% 33
\BOOKMARK [0][-]{chapter.2}{\376\377\000S\000p\000r\000i\000n\000t\000\040\0000\000\040\040\023\000\040\000I\000n\000i\000t\000i\000a\000l\000i\000s\000a\000t\000i\000o\000n\000\040\000e\000t\000\040\000\351\000t\000u\000d\000e\000\040\000t\000e\000c\000h\000n\000i\000q\000u\000e}{}% 34
\BOOKMARK [1][-]{section.2.1}{\376\377\000I\000n\000t\000r\000o\000d\000u\000c\000t\000i\000o\000n}{chapter.2}% 35
\BOOKMARK [1][-]{section.2.2}{\376\377\000I\000d\000e\000n\000t\000i\000f\000i\000c\000a\000t\000i\000o\000n\000\040\000d\000e\000s\000\040\000a\000c\000t\000e\000u\000r\000s}{chapter.2}% 36
\BOOKMARK [1][-]{section.2.3}{\376\377\000A\000n\000a\000l\000y\000s\000e\000\040\000d\000e\000s\000\040\000b\000e\000s\000o\000i\000n\000s}{chapter.2}% 37
\BOOKMARK [2][-]{subsection.2.3.1}{\376\377\000B\000e\000s\000o\000i\000n\000s\000\040\000f\000o\000n\000c\000t\000i\000o\000n\000n\000e\000l\000s}{section.2.3}% 38
\BOOKMARK [2][-]{subsection.2.3.2}{\376\377\000B\000e\000s\000o\000i\000n\000s\000\040\000n\000o\000n\000\040\000f\000o\000n\000c\000t\000i\000o\000n\000n\000e\000l\000s}{section.2.3}% 39
\BOOKMARK [2][-]{subsection.2.3.3}{\376\377\000D\000i\000a\000g\000r\000a\000m\000m\000e\000\040\000g\000l\000o\000b\000a\000l\000\040\000d\000e\000s\000\040\000c\000a\000s\000\040\000d\000'\000u\000t\000i\000l\000i\000s\000a\000t\000i\000o\000n}{section.2.3}% 40
\BOOKMARK [1][-]{section.2.4}{\376\377\000G\000e\000s\000t\000i\000o\000n\000\040\000d\000u\000\040\000p\000r\000o\000j\000e\000t\000\040\000a\000v\000e\000c\000\040\000S\000c\000r\000u\000m}{chapter.2}% 41
\BOOKMARK [2][-]{subsection.2.4.1}{\376\377\000P\000r\000o\000d\000u\000c\000t\000\040\000B\000a\000c\000k\000l\000o\000g}{section.2.4}% 42
\BOOKMARK [3][-]{subsubsection.2.4.1.1}{\376\377\000S\000t\000r\000u\000c\000t\000u\000r\000a\000t\000i\000o\000n\000\040\000e\000n\000\040\000e\000p\000i\000c\000s}{subsection.2.4.1}% 43
\BOOKMARK [3][-]{subsubsection.2.4.1.2}{\376\377\000T\000e\000c\000h\000n\000i\000q\000u\000e\000\040\000d\000e\000\040\000p\000r\000i\000o\000r\000i\000s\000a\000t\000i\000o\000n\000\040\000d\000u\000\040\000P\000r\000o\000d\000u\000c\000t\000\040\000B\000a\000c\000k\000l\000o\000g}{subsection.2.4.1}% 44
\BOOKMARK [3][-]{subsubsection.2.4.1.3}{\376\377\000S\000y\000n\000t\000h\000\350\000s\000e\000\040\000d\000u\000\040\000P\000r\000o\000d\000u\000c\000t\000\040\000B\000a\000c\000k\000l\000o\000g}{subsection.2.4.1}% 45
\BOOKMARK [2][-]{subsection.2.4.2}{\376\377\000P\000l\000a\000n\000i\000f\000i\000c\000a\000t\000i\000o\000n\000\040\000d\000e\000s\000\040\000s\000p\000r\000i\000n\000t\000s}{section.2.4}% 46
\BOOKMARK [1][-]{section.2.5}{\376\377\000\311\000t\000u\000d\000e\000\040\000t\000e\000c\000h\000n\000i\000q\000u\000e}{chapter.2}% 47
\BOOKMARK [2][-]{subsection.2.5.1}{\376\377\000E\000n\000v\000i\000r\000o\000n\000n\000e\000m\000e\000n\000t\000\040\000m\000a\000t\000\351\000r\000i\000e\000l}{section.2.5}% 48
\BOOKMARK [2][-]{subsection.2.5.2}{\376\377\000E\000n\000v\000i\000r\000o\000n\000n\000e\000m\000e\000n\000t\000\040\000l\000o\000g\000i\000c\000i\000e\000l}{section.2.5}% 49
\BOOKMARK [2][-]{subsection.2.5.3}{\376\377\000T\000e\000c\000h\000n\000o\000l\000o\000g\000i\000e\000s\000\040\000e\000t\000\040\000o\000u\000t\000i\000l\000s\000\040\000u\000t\000i\000l\000i\000s\000\351\000s}{section.2.5}% 50
\BOOKMARK [2][-]{subsection.2.5.4}{\376\377\000A\000r\000c\000h\000i\000t\000e\000c\000t\000u\000r\000e\000\040\000d\000u\000\040\000s\000y\000s\000t\000\350\000m\000e}{section.2.5}% 51
\BOOKMARK [3][-]{subsubsection.2.5.4.1}{\376\377\000A\000r\000c\000h\000i\000t\000e\000c\000t\000u\000r\000e\000\040\000l\000o\000g\000i\000c\000i\000e\000l\000l\000e}{subsection.2.5.4}% 52
\BOOKMARK [3][-]{subsubsection.2.5.4.2}{\376\377\000A\000r\000c\000h\000i\000t\000e\000c\000t\000u\000r\000e\000\040\000p\000h\000y\000s\000i\000q\000u\000e}{subsection.2.5.4}% 53
\BOOKMARK [1][-]{section.2.6}{\376\377\000D\000i\000a\000g\000r\000a\000m\000m\000e\000\040\000d\000e\000\040\000d\000\351\000p\000l\000o\000i\000e\000m\000e\000n\000t}{chapter.2}% 54
\BOOKMARK [1][-]{section.2.7}{\376\377\000C\000o\000n\000c\000l\000u\000s\000i\000o\000n}{chapter.2}% 55
\BOOKMARK [0][-]{chapter.3}{\376\377\000S\000p\000r\000i\000n\000t\000\040\0001\000\040\040\023\000\040\000S\000\351\000c\000u\000r\000i\000t\000\351\000\040\000e\000t\000\040\000g\000o\000u\000v\000e\000r\000n\000a\000n\000c\000e}{}% 56
\BOOKMARK [1][-]{section.3.1}{\376\377\000I\000n\000t\000r\000o\000d\000u\000c\000t\000i\000o\000n}{chapter.3}% 57
\BOOKMARK [1][-]{section.3.2}{\376\377\000O\000b\000j\000e\000c\000t\000i\000f\000s\000\040\000d\000u\000\040\000s\000p\000r\000i\000n\000t\000\040\000e\000t\000\040\000p\000l\000a\000n\000i\000f\000i\000c\000a\000t\000i\000o\000n\000\040\000d\000e\000s\000\040\000t\000\342\000c\000h\000e\000s}{chapter.3}% 58
\BOOKMARK [2][-]{subsection.3.2.1}{\376\377\000O\000b\000j\000e\000c\000t\000i\000f\000s\000\040\000a\000t\000t\000e\000n\000d\000u\000s}{section.3.2}% 59
\BOOKMARK [2][-]{subsection.3.2.2}{\376\377\000S\000p\000r\000i\000n\000t\000\040\000B\000a\000c\000k\000l\000o\000g}{section.3.2}% 60
\BOOKMARK [1][-]{section.3.3}{\376\377\000T\000e\000c\000h\000n\000o\000l\000o\000g\000i\000e\000s\000\040\000e\000t\000\040\000c\000o\000n\000c\000e\000p\000t\000s\000\040\000u\000t\000i\000l\000i\000s\000\351\000s}{chapter.3}% 61
\BOOKMARK [2][-]{subsection.3.3.1}{\376\377\000J\000W\000T\000\040\000e\000t\000\040\000F\000a\000s\000t\000A\000P\000I\000\040\000S\000e\000c\000u\000r\000i\000t\000y\000\040\000\050\000p\000y\000t\000h\000o\000n\000-\000j\000o\000s\000e\000,\000\040\000O\000A\000u\000t\000h\0002\000P\000a\000s\000s\000w\000o\000r\000d\000B\000e\000a\000r\000e\000r\000\051}{section.3.3}% 62
\BOOKMARK [2][-]{subsection.3.3.2}{\376\377\000A\000u\000t\000h\000e\000n\000t\000i\000f\000i\000c\000a\000t\000i\000o\000n\000\040\000f\000o\000r\000t\000e\000\040\000T\000O\000T\000P\000\040\000\050\000p\000y\000o\000t\000p\000\051}{section.3.3}% 63
\BOOKMARK [2][-]{subsection.3.3.3}{\376\377\000C\000o\000n\000t\000r\000\364\000l\000e\000\040\000d\000'\000a\000c\000c\000\350\000s\000\040\000R\000B\000A\000C\000\040\000\050\000b\000c\000r\000y\000p\000t\000\051}{section.3.3}% 64
\BOOKMARK [1][-]{section.3.4}{\376\377\000A\000n\000a\000l\000y\000s\000e\000\040\000e\000t\000\040\000s\000p\000\351\000c\000i\000f\000i\000c\000a\000t\000i\000o\000n\000\040\000d\000e\000s\000\040\000b\000e\000s\000o\000i\000n\000s}{chapter.3}% 65
\BOOKMARK [2][-]{subsection.3.4.1}{\376\377\000D\000i\000a\000g\000r\000a\000m\000m\000e\000\040\000d\000e\000\040\000c\000a\000s\000\040\000d\000'\000u\000t\000i\000l\000i\000s\000a\000t\000i\000o\000n\000\040\000d\000u\000\040\000s\000p\000r\000i\000n\000t}{section.3.4}% 66
\BOOKMARK [2][-]{subsection.3.4.2}{\376\377\000D\000e\000s\000c\000r\000i\000p\000t\000i\000o\000n\000\040\000d\000\351\000t\000a\000i\000l\000l\000\351\000e\000\040\000d\000e\000s\000\040\000c\000a\000s\000\040\000d\000'\000u\000t\000i\000l\000i\000s\000a\000t\000i\000o\000n}{section.3.4}% 67
\BOOKMARK [1][-]{section.3.5}{\376\377\000M\000o\000d\000\351\000l\000i\000s\000a\000t\000i\000o\000n\000\040\000c\000o\000n\000c\000e\000p\000t\000u\000e\000l\000l\000e}{chapter.3}% 68
\BOOKMARK [2][-]{subsection.3.5.1}{\376\377\000D\000i\000a\000g\000r\000a\000m\000m\000e\000\040\000d\000e\000\040\000c\000l\000a\000s\000s\000e\000s}{section.3.5}% 69
\BOOKMARK [2][-]{subsection.3.5.2}{\376\377\000D\000i\000a\000g\000r\000a\000m\000m\000e\000s\000\040\000d\000e\000\040\000s\000\351\000q\000u\000e\000n\000c\000e}{section.3.5}% 70
\BOOKMARK [1][-]{section.3.6}{\376\377\000R\000\351\000a\000l\000i\000s\000a\000t\000i\000o\000n}{chapter.3}% 71
\BOOKMARK [2][-]{subsection.3.6.1}{\376\377\000A\000u\000t\000h\000e\000n\000t\000i\000f\000i\000c\000a\000t\000i\000o\000n\000\040\000J\000W\000T}{section.3.6}% 72
\BOOKMARK [2][-]{subsection.3.6.2}{\376\377\000R\000B\000A\000C\000\040\000e\000t\000\040\000g\000e\000s\000t\000i\000o\000n\000\040\000d\000e\000s\000\040\000r\000\364\000l\000e\000s}{section.3.6}% 73
\BOOKMARK [2][-]{subsection.3.6.3}{\376\377\0002\000F\000A\000\040\000T\000O\000T\000P\000\040\000e\000t\000\040\000a\000u\000d\000i\000t\000\040\000l\000o\000g\000s}{section.3.6}% 74
\BOOKMARK [1][-]{section.3.7}{\376\377\000T\000e\000s\000t\000\040\000e\000t\000\040\000v\000a\000l\000i\000d\000a\000t\000i\000o\000n}{chapter.3}% 75
\BOOKMARK [2][-]{subsection.3.7.1}{\376\377\000T\000e\000s\000t\000s\000\040\000r\000\351\000a\000l\000i\000s\000\351\000s}{section.3.7}% 76
\BOOKMARK [2][-]{subsection.3.7.2}{\376\377\000V\000a\000l\000i\000d\000a\000t\000i\000o\000n\000\040\000d\000e\000s\000\040\000f\000o\000n\000c\000t\000i\000o\000n\000n\000a\000l\000i\000t\000\351\000s}{section.3.7}% 77
\BOOKMARK [2][-]{subsection.3.7.3}{\376\377\000G\000e\000s\000t\000i\000o\000n\000\040\000d\000e\000s\000\040\000v\000e\000r\000s\000i\000o\000n\000s\000\040\000e\000t\000\040\000c\000o\000m\000m\000i\000t\000s}{section.3.7}% 78
\BOOKMARK [1][-]{section.3.8}{\376\377\000C\000o\000n\000c\000l\000u\000s\000i\000o\000n}{chapter.3}% 79
\BOOKMARK [0][-]{chapter.4}{\376\377\000S\000p\000r\000i\000n\000t\000\040\0002\000\040\040\023\000\040\000P\000r\000o\000j\000e\000t\000s\000\040\000e\000t\000\040\000i\000n\000t\000\351\000g\000r\000a\000t\000i\000o\000n\000s}{}% 80
\BOOKMARK [1][-]{section.4.1}{\376\377\000I\000n\000t\000r\000o\000d\000u\000c\000t\000i\000o\000n}{chapter.4}% 81
\BOOKMARK [1][-]{section.4.2}{\376\377\000O\000b\000j\000e\000c\000t\000i\000f\000s\000\040\000d\000u\000\040\000s\000p\000r\000i\000n\000t\000\040\000e\000t\000\040\000p\000l\000a\000n\000i\000f\000i\000c\000a\000t\000i\000o\000n\000\040\000d\000e\000s\000\040\000t\000\342\000c\000h\000e\000s}{chapter.4}% 82
\BOOKMARK [2][-]{subsection.4.2.1}{\376\377\000O\000b\000j\000e\000c\000t\000i\000f\000s\000\040\000a\000t\000t\000e\000n\000d\000u\000s}{section.4.2}% 83
\BOOKMARK [2][-]{subsection.4.2.2}{\376\377\000S\000p\000r\000i\000n\000t\000\040\000B\000a\000c\000k\000l\000o\000g}{section.4.2}% 84
\BOOKMARK [1][-]{section.4.3}{\376\377\000T\000e\000c\000h\000n\000o\000l\000o\000g\000i\000e\000s\000\040\000e\000t\000\040\000c\000o\000n\000c\000e\000p\000t\000s\000\040\000u\000t\000i\000l\000i\000s\000\351\000s}{chapter.4}% 85
\BOOKMARK [2][-]{subsection.4.3.1}{\376\377\000G\000i\000t\000H\000u\000b\000\040\000R\000E\000S\000T\000\040\000A\000P\000I\000\040\000v\0003\000\040\000e\000t\000\040\000O\000A\000u\000t\000h\0002}{section.4.3}% 86
\BOOKMARK [2][-]{subsection.4.3.2}{\376\377\000C\000h\000i\000f\000f\000r\000e\000m\000e\000n\000t\000\040\000F\000e\000r\000n\000e\000t\000\040\000\050\000c\000r\000y\000p\000t\000o\000g\000r\000a\000p\000h\000y\000\051}{section.4.3}% 87
\BOOKMARK [2][-]{subsection.4.3.3}{\376\377\000S\000Q\000L\000A\000l\000c\000h\000e\000m\000y\000\040\000A\000l\000e\000m\000b\000i\000c\000\040\000\050\000m\000i\000g\000r\000a\000t\000i\000o\000n\000s\000\051}{section.4.3}% 88
\BOOKMARK [1][-]{section.4.4}{\376\377\000A\000n\000a\000l\000y\000s\000e\000\040\000e\000t\000\040\000s\000p\000\351\000c\000i\000f\000i\000c\000a\000t\000i\000o\000n\000\040\000d\000e\000s\000\040\000b\000e\000s\000o\000i\000n\000s}{chapter.4}% 89
\BOOKMARK [2][-]{subsection.4.4.1}{\376\377\000D\000i\000a\000g\000r\000a\000m\000m\000e\000\040\000d\000e\000\040\000c\000a\000s\000\040\000d\000'\000u\000t\000i\000l\000i\000s\000a\000t\000i\000o\000n\000\040\000d\000u\000\040\000s\000p\000r\000i\000n\000t}{section.4.4}% 90
\BOOKMARK [2][-]{subsection.4.4.2}{\376\377\000D\000e\000s\000c\000r\000i\000p\000t\000i\000o\000n\000\040\000d\000\351\000t\000a\000i\000l\000l\000\351\000e\000\040\000d\000e\000s\000\040\000c\000a\000s\000\040\000d\000'\000u\000t\000i\000l\000i\000s\000a\000t\000i\000o\000n}{section.4.4}% 91
\BOOKMARK [1][-]{section.4.5}{\376\377\000M\000o\000d\000\351\000l\000i\000s\000a\000t\000i\000o\000n\000\040\000c\000o\000n\000c\000e\000p\000t\000u\000e\000l\000l\000e}{chapter.4}% 92
\BOOKMARK [2][-]{subsection.4.5.1}{\376\377\000D\000i\000a\000g\000r\000a\000m\000m\000e\000\040\000d\000e\000\040\000c\000l\000a\000s\000s\000e\000s}{section.4.5}% 93
\BOOKMARK [2][-]{subsection.4.5.2}{\376\377\000D\000i\000a\000g\000r\000a\000m\000m\000e\000s\000\040\000d\000e\000\040\000s\000\351\000q\000u\000e\000n\000c\000e}{section.4.5}% 94
\BOOKMARK [1][-]{section.4.6}{\376\377\000R\000\351\000a\000l\000i\000s\000a\000t\000i\000o\000n}{chapter.4}% 95
\BOOKMARK [2][-]{subsection.4.6.1}{\376\377\000G\000e\000s\000t\000i\000o\000n\000\040\000d\000e\000s\000\040\000p\000r\000o\000j\000e\000t\000s\000\040\000e\000t\000\040\000d\000e\000s\000\040\000d\000\351\000p\000\364\000t\000s}{section.4.6}% 96
\BOOKMARK [2][-]{subsection.4.6.2}{\376\377\000I\000n\000t\000\351\000g\000r\000a\000t\000i\000o\000n\000s\000\040\000O\000A\000u\000t\000h\000\040\000e\000t\000\040\000c\000l\000\351\000s\000\040\000A\000P\000I}{section.4.6}% 97
\BOOKMARK [1][-]{section.4.7}{\376\377\000T\000e\000s\000t\000\040\000e\000t\000\040\000v\000a\000l\000i\000d\000a\000t\000i\000o\000n}{chapter.4}% 98
\BOOKMARK [2][-]{subsection.4.7.1}{\376\377\000T\000e\000s\000t\000s\000\040\000r\000\351\000a\000l\000i\000s\000\351\000s}{section.4.7}% 99
\BOOKMARK [2][-]{subsection.4.7.2}{\376\377\000V\000a\000l\000i\000d\000a\000t\000i\000o\000n}{section.4.7}% 100
\BOOKMARK [2][-]{subsection.4.7.3}{\376\377\000G\000e\000s\000t\000i\000o\000n\000\040\000d\000e\000s\000\040\000v\000e\000r\000s\000i\000o\000n\000s\000\040\000e\000t\000\040\000c\000o\000m\000m\000i\000t\000s}{section.4.7}% 101
\BOOKMARK [1][-]{section.4.8}{\376\377\000C\000o\000n\000c\000l\000u\000s\000i\000o\000n}{chapter.4}% 102
\BOOKMARK [0][-]{chapter.5}{\376\377\000S\000p\000r\000i\000n\000t\000\040\0003\000\040\040\023\000\040\000S\000A\000S\000T\000\040\000e\000t\000\040\000D\000A\000S\000T}{}% 103
\BOOKMARK [1][-]{section.5.1}{\376\377\000I\000n\000t\000r\000o\000d\000u\000c\000t\000i\000o\000n}{chapter.5}% 104
\BOOKMARK [1][-]{section.5.2}{\376\377\000O\000b\000j\000e\000c\000t\000i\000f\000s\000\040\000d\000u\000\040\000s\000p\000r\000i\000n\000t\000\040\000e\000t\000\040\000p\000l\000a\000n\000i\000f\000i\000c\000a\000t\000i\000o\000n\000\040\000d\000e\000s\000\040\000t\000\342\000c\000h\000e\000s}{chapter.5}% 105
\BOOKMARK [2][-]{subsection.5.2.1}{\376\377\000O\000b\000j\000e\000c\000t\000i\000f\000s\000\040\000a\000t\000t\000e\000n\000d\000u\000s}{section.5.2}% 106
\BOOKMARK [2][-]{subsection.5.2.2}{\376\377\000S\000p\000r\000i\000n\000t\000\040\000B\000a\000c\000k\000l\000o\000g}{section.5.2}% 107
\BOOKMARK [1][-]{section.5.3}{\376\377\000T\000e\000c\000h\000n\000o\000l\000o\000g\000i\000e\000s\000\040\000e\000t\000\040\000c\000o\000n\000c\000e\000p\000t\000s\000\040\000u\000t\000i\000l\000i\000s\000\351\000s}{chapter.5}% 108
\BOOKMARK [2][-]{subsection.5.3.1}{\376\377\000S\000e\000m\000g\000r\000e\000p\000\040\000\050\000a\000n\000a\000l\000y\000s\000e\000\040\000s\000t\000a\000t\000i\000q\000u\000e\000\040\000p\000o\000l\000y\000g\000l\000o\000t\000t\000e\000\051}{section.5.3}% 109
\BOOKMARK [2][-]{subsection.5.3.2}{\376\377\000B\000a\000n\000d\000i\000t\000\040\000\050\000i\000n\000s\000p\000e\000c\000t\000i\000o\000n\000\040\000d\000e\000\040\000s\000\351\000c\000u\000r\000i\000t\000\351\000\040\000P\000y\000t\000h\000o\000n\000\051}{section.5.3}% 110
\BOOKMARK [2][-]{subsection.5.3.3}{\376\377\000C\000e\000l\000e\000r\000y\000\040\000e\000t\000\040\000R\000e\000d\000i\000s\000\040\000\050\000o\000r\000c\000h\000e\000s\000t\000r\000a\000t\000i\000o\000n\000\040\000a\000s\000y\000n\000c\000h\000r\000o\000n\000e\000\051}{section.5.3}% 111
\BOOKMARK [2][-]{subsection.5.3.4}{\376\377\000S\000o\000c\000k\000e\000t\000.\000I\000O\000\040\040\024\000\040\000p\000y\000t\000h\000o\000n\000-\000s\000o\000c\000k\000e\000t\000i\000o\000\040\000\050\000t\000e\000m\000p\000s\000\040\000r\000\351\000e\000l\000\051}{section.5.3}% 112
\BOOKMARK [2][-]{subsection.5.3.5}{\376\377\000O\000W\000A\000S\000P\000\040\000Z\000A\000P\000\040\000\050\000a\000n\000a\000l\000y\000s\000e\000\040\000d\000y\000n\000a\000m\000i\000q\000u\000e\000,\000\040\000m\000o\000d\000e\000\040\000d\000a\000e\000m\000o\000n\000\051}{section.5.3}% 113
\BOOKMARK [1][-]{section.5.4}{\376\377\000A\000n\000a\000l\000y\000s\000e\000\040\000e\000t\000\040\000s\000p\000\351\000c\000i\000f\000i\000c\000a\000t\000i\000o\000n\000\040\000d\000e\000s\000\040\000b\000e\000s\000o\000i\000n\000s}{chapter.5}% 114
\BOOKMARK [2][-]{subsection.5.4.1}{\376\377\000D\000i\000a\000g\000r\000a\000m\000m\000e\000\040\000d\000e\000\040\000c\000a\000s\000\040\000d\000'\000u\000t\000i\000l\000i\000s\000a\000t\000i\000o\000n\000\040\000d\000u\000\040\000s\000p\000r\000i\000n\000t}{section.5.4}% 115
\BOOKMARK [2][-]{subsection.5.4.2}{\376\377\000D\000e\000s\000c\000r\000i\000p\000t\000i\000o\000n\000\040\000d\000\351\000t\000a\000i\000l\000l\000\351\000e\000\040\000d\000e\000s\000\040\000c\000a\000s\000\040\000d\000'\000u\000t\000i\000l\000i\000s\000a\000t\000i\000o\000n}{section.5.4}% 116
\BOOKMARK [1][-]{section.5.5}{\376\377\000M\000o\000d\000\351\000l\000i\000s\000a\000t\000i\000o\000n\000\040\000c\000o\000n\000c\000e\000p\000t\000u\000e\000l\000l\000e}{chapter.5}% 117
\BOOKMARK [2][-]{subsection.5.5.1}{\376\377\000D\000i\000a\000g\000r\000a\000m\000m\000e\000\040\000d\000e\000\040\000c\000l\000a\000s\000s\000e\000s}{section.5.5}% 118
\BOOKMARK [2][-]{subsection.5.5.2}{\376\377\000D\000i\000a\000g\000r\000a\000m\000m\000e\000s\000\040\000d\000e\000\040\000s\000\351\000q\000u\000e\000n\000c\000e}{section.5.5}% 119
\BOOKMARK [1][-]{section.5.6}{\376\377\000R\000\351\000a\000l\000i\000s\000a\000t\000i\000o\000n}{chapter.5}% 120
\BOOKMARK [2][-]{subsection.5.6.1}{\376\377\000P\000i\000p\000e\000l\000i\000n\000e\000\040\000S\000A\000S\000T\000\040\000\050\000S\000e\000m\000g\000r\000e\000p\000\040\000+\000\040\000B\000a\000n\000d\000i\000t\000\051}{section.5.6}% 121
\BOOKMARK [2][-]{subsection.5.6.2}{\376\377\000P\000i\000p\000e\000l\000i\000n\000e\000\040\000D\000A\000S\000T\000\040\000\050\000O\000W\000A\000S\000P\000\040\000Z\000A\000P\000\051}{section.5.6}% 122
\BOOKMARK [2][-]{subsection.5.6.3}{\376\377\000S\000u\000i\000v\000i\000\040\000t\000e\000m\000p\000s\000\040\000r\000\351\000e\000l\000\040\000\050\000S\000o\000c\000k\000e\000t\000.\000I\000O\000\051}{section.5.6}% 123
\BOOKMARK [1][-]{section.5.7}{\376\377\000T\000e\000s\000t\000\040\000e\000t\000\040\000v\000a\000l\000i\000d\000a\000t\000i\000o\000n}{chapter.5}% 124
\BOOKMARK [2][-]{subsection.5.7.1}{\376\377\000T\000e\000s\000t\000s\000\040\000r\000\351\000a\000l\000i\000s\000\351\000s}{section.5.7}% 125
\BOOKMARK [2][-]{subsection.5.7.2}{\376\377\000V\000a\000l\000i\000d\000a\000t\000i\000o\000n}{section.5.7}% 126
\BOOKMARK [2][-]{subsection.5.7.3}{\376\377\000G\000e\000s\000t\000i\000o\000n\000\040\000d\000e\000s\000\040\000v\000e\000r\000s\000i\000o\000n\000s\000\040\000e\000t\000\040\000c\000o\000m\000m\000i\000t\000s}{section.5.7}% 127
\BOOKMARK [1][-]{section.5.8}{\376\377\000C\000o\000n\000c\000l\000u\000s\000i\000o\000n}{chapter.5}% 128
\BOOKMARK [1][-]{section.5.9}{\376\377\000I\000n\000t\000r\000o\000d\000u\000c\000t\000i\000o\000n}{chapter.5}% 129
\BOOKMARK [1][-]{section.5.10}{\376\377\000O\000b\000j\000e\000c\000t\000i\000f\000s\000\040\000d\000u\000\040\000s\000p\000r\000i\000n\000t\000\040\000e\000t\000\040\000p\000l\000a\000n\000i\000f\000i\000c\000a\000t\000i\000o\000n\000\040\000d\000e\000s\000\040\000t\000\342\000c\000h\000e\000s}{chapter.5}% 130
\BOOKMARK [2][-]{subsection.5.10.1}{\376\377\000O\000b\000j\000e\000c\000t\000i\000f\000s\000\040\000a\000t\000t\000e\000n\000d\000u\000s}{section.5.10}% 131
\BOOKMARK [2][-]{subsection.5.10.2}{\376\377\000S\000p\000r\000i\000n\000t\000\040\000B\000a\000c\000k\000l\000o\000g}{section.5.10}% 132
\BOOKMARK [1][-]{section.5.11}{\376\377\000T\000e\000c\000h\000n\000o\000l\000o\000g\000i\000e\000s\000\040\000e\000t\000\040\000c\000o\000n\000c\000e\000p\000t\000s\000\040\000u\000t\000i\000l\000i\000s\000\351\000s}{chapter.5}% 133
\BOOKMARK [2][-]{subsection.5.11.1}{\376\377\000S\000e\000m\000g\000r\000e\000p\000\040\000\050\000a\000n\000a\000l\000y\000s\000e\000\040\000s\000t\000a\000t\000i\000q\000u\000e\000\040\000p\000o\000l\000y\000g\000l\000o\000t\000t\000e\000\051}{section.5.11}% 134
\BOOKMARK [2][-]{subsection.5.11.2}{\376\377\000B\000a\000n\000d\000i\000t\000\040\000\050\000i\000n\000s\000p\000e\000c\000t\000i\000o\000n\000\040\000d\000e\000\040\000s\000\351\000c\000u\000r\000i\000t\000\351\000\040\000P\000y\000t\000h\000o\000n\000\051}{section.5.11}% 135
\BOOKMARK [2][-]{subsection.5.11.3}{\376\377\000C\000e\000l\000e\000r\000y\000\040\000e\000t\000\040\000R\000e\000d\000i\000s\000\040\000\050\000o\000r\000c\000h\000e\000s\000t\000r\000a\000t\000i\000o\000n\000\040\000a\000s\000y\000n\000c\000h\000r\000o\000n\000e\000\051}{section.5.11}% 136
\BOOKMARK [1][-]{section.5.12}{\376\377\000A\000n\000a\000l\000y\000s\000e\000\040\000e\000t\000\040\000s\000p\000\351\000c\000i\000f\000i\000c\000a\000t\000i\000o\000n\000\040\000d\000e\000s\000\040\000b\000e\000s\000o\000i\000n\000s}{chapter.5}% 137
\BOOKMARK [2][-]{subsection.5.12.1}{\376\377\000D\000i\000a\000g\000r\000a\000m\000m\000e\000\040\000d\000e\000\040\000c\000a\000s\000\040\000d\000'\000u\000t\000i\000l\000i\000s\000a\000t\000i\000o\000n\000\040\000d\000u\000\040\000s\000p\000r\000i\000n\000t}{section.5.12}% 138
\BOOKMARK [2][-]{subsection.5.12.2}{\376\377\000D\000e\000s\000c\000r\000i\000p\000t\000i\000o\000n\000\040\000d\000\351\000t\000a\000i\000l\000l\000\351\000e\000\040\000d\000e\000s\000\040\000c\000a\000s\000\040\000d\000'\000u\000t\000i\000l\000i\000s\000a\000t\000i\000o\000n}{section.5.12}% 139
\BOOKMARK [1][-]{section.5.13}{\376\377\000M\000o\000d\000\351\000l\000i\000s\000a\000t\000i\000o\000n\000\040\000c\000o\000n\000c\000e\000p\000t\000u\000e\000l\000l\000e}{chapter.5}% 140
\BOOKMARK [2][-]{subsection.5.13.1}{\376\377\000D\000i\000a\000g\000r\000a\000m\000m\000e\000\040\000d\000e\000\040\000c\000l\000a\000s\000s\000e\000s}{section.5.13}% 141
\BOOKMARK [2][-]{subsection.5.13.2}{\376\377\000D\000i\000a\000g\000r\000a\000m\000m\000e\000s\000\040\000d\000e\000\040\000s\000\351\000q\000u\000e\000n\000c\000e}{section.5.13}% 142
\BOOKMARK [1][-]{section.5.14}{\376\377\000R\000\351\000a\000l\000i\000s\000a\000t\000i\000o\000n}{chapter.5}% 143
\BOOKMARK [2][-]{subsection.5.14.1}{\376\377\000I\000n\000t\000\351\000g\000r\000a\000t\000i\000o\000n\000\040\000S\000A\000S\000T\000\040\000\050\000S\000e\000m\000g\000r\000e\000p\000,\000\040\000B\000a\000n\000d\000i\000t\000\051}{section.5.14}% 144
\BOOKMARK [1][-]{section.5.15}{\376\377\000T\000e\000s\000t\000\040\000e\000t\000\040\000v\000a\000l\000i\000d\000a\000t\000i\000o\000n}{chapter.5}% 145
\BOOKMARK [2][-]{subsection.5.15.1}{\376\377\000T\000e\000s\000t\000s\000\040\000r\000\351\000a\000l\000i\000s\000\351\000s}{section.5.15}% 146
\BOOKMARK [2][-]{subsection.5.15.2}{\376\377\000V\000a\000l\000i\000d\000a\000t\000i\000o\000n}{section.5.15}% 147
\BOOKMARK [2][-]{subsection.5.15.3}{\376\377\000G\000e\000s\000t\000i\000o\000n\000\040\000d\000e\000s\000\040\000v\000e\000r\000s\000i\000o\000n\000s\000\040\000e\000t\000\040\000c\000o\000m\000m\000i\000t\000s}{section.5.15}% 148
\BOOKMARK [1][-]{section.5.16}{\376\377\000C\000o\000n\000c\000l\000u\000s\000i\000o\000n}{chapter.5}% 149
\BOOKMARK [0][-]{chapter.6}{\376\377\000S\000p\000r\000i\000n\000t\000\040\0004\000\040\040\023\000\040\000W\000o\000r\000k\000f\000l\000o\000w\000\040\000d\000e\000\040\000v\000u\000l\000n\000\351\000r\000a\000b\000i\000l\000i\000t\000\351\000s}{}% 150
\BOOKMARK [1][-]{section.6.1}{\376\377\000I\000n\000t\000r\000o\000d\000u\000c\000t\000i\000o\000n}{chapter.6}% 151
\BOOKMARK [1][-]{section.6.2}{\376\377\000O\000b\000j\000e\000c\000t\000i\000f\000s\000\040\000d\000u\000\040\000s\000p\000r\000i\000n\000t\000\040\000e\000t\000\040\000p\000l\000a\000n\000i\000f\000i\000c\000a\000t\000i\000o\000n\000\040\000d\000e\000s\000\040\000t\000\342\000c\000h\000e\000s}{chapter.6}% 152
\BOOKMARK [2][-]{subsection.6.2.1}{\376\377\000O\000b\000j\000e\000c\000t\000i\000f\000s\000\040\000a\000t\000t\000e\000n\000d\000u\000s}{section.6.2}% 153
\BOOKMARK [2][-]{subsection.6.2.2}{\376\377\000S\000p\000r\000i\000n\000t\000\040\000B\000a\000c\000k\000l\000o\000g}{section.6.2}% 154
\BOOKMARK [1][-]{section.6.3}{\376\377\000T\000e\000c\000h\000n\000o\000l\000o\000g\000i\000e\000s\000\040\000e\000t\000\040\000c\000o\000n\000c\000e\000p\000t\000s\000\040\000u\000t\000i\000l\000i\000s\000\351\000s}{chapter.6}% 155
\BOOKMARK [2][-]{subsection.6.3.1}{\376\377\000W\000o\000r\000k\000f\000l\000o\000w\000\040\000d\000e\000\040\000g\000e\000s\000t\000i\000o\000n\000\040\000d\000'\000\351\000t\000a\000t\000s\000\040\000\050\000S\000t\000a\000t\000e\000\040\000M\000a\000c\000h\000i\000n\000e\000\051}{section.6.3}% 156
\BOOKMARK [2][-]{subsection.6.3.2}{\376\377\000S\000y\000s\000t\000\350\000m\000e\000\040\000d\000e\000\040\000n\000o\000t\000i\000f\000i\000c\000a\000t\000i\000o\000n\000s\000\040\000\050\000N\000o\000t\000i\000f\000i\000c\000a\000t\000i\000o\000n\000\051}{section.6.3}% 157
\BOOKMARK [2][-]{subsection.6.3.3}{\376\377\000S\000Q\000L\000A\000l\000c\000h\000e\000m\000y\000\040\040\024\000\040\000A\000l\000e\000m\000b\000i\000c\000\040\000\050\000m\000i\000g\000r\000a\000t\000i\000o\000n\000s\000\040\000S\000p\000r\000i\000n\000t\000\040\0004\000\051}{section.6.3}% 158
\BOOKMARK [1][-]{section.6.4}{\376\377\000A\000n\000a\000l\000y\000s\000e\000\040\000e\000t\000\040\000s\000p\000\351\000c\000i\000f\000i\000c\000a\000t\000i\000o\000n\000\040\000d\000e\000s\000\040\000b\000e\000s\000o\000i\000n\000s}{chapter.6}% 159
\BOOKMARK [2][-]{subsection.6.4.1}{\376\377\000D\000i\000a\000g\000r\000a\000m\000m\000e\000\040\000d\000e\000\040\000c\000a\000s\000\040\000d\000'\000u\000t\000i\000l\000i\000s\000a\000t\000i\000o\000n\000\040\000d\000u\000\040\000s\000p\000r\000i\000n\000t}{section.6.4}% 160
\BOOKMARK [2][-]{subsection.6.4.2}{\376\377\000D\000e\000s\000c\000r\000i\000p\000t\000i\000o\000n\000\040\000d\000\351\000t\000a\000i\000l\000l\000\351\000e\000\040\000d\000e\000s\000\040\000c\000a\000s\000\040\000d\000'\000u\000t\000i\000l\000i\000s\000a\000t\000i\000o\000n}{section.6.4}% 161
\BOOKMARK [1][-]{section.6.5}{\376\377\000M\000o\000d\000\351\000l\000i\000s\000a\000t\000i\000o\000n\000\040\000c\000o\000n\000c\000e\000p\000t\000u\000e\000l\000l\000e}{chapter.6}% 162
\BOOKMARK [2][-]{subsection.6.5.1}{\376\377\000D\000i\000a\000g\000r\000a\000m\000m\000e\000\040\000d\000e\000\040\000c\000l\000a\000s\000s\000e\000s}{section.6.5}% 163
\BOOKMARK [2][-]{subsection.6.5.2}{\376\377\000D\000i\000a\000g\000r\000a\000m\000m\000e\000\040\000d\000e\000\040\000s\000\351\000q\000u\000e\000n\000c\000e}{section.6.5}% 164
\BOOKMARK [1][-]{section.6.6}{\376\377\000R\000\351\000a\000l\000i\000s\000a\000t\000i\000o\000n}{chapter.6}% 165
\BOOKMARK [2][-]{subsection.6.6.1}{\376\377\000W\000o\000r\000k\000f\000l\000o\000w\000\040\000d\000'\000\351\000t\000a\000t\000s\000\040\000e\000t\000\040\000a\000s\000s\000i\000g\000n\000a\000t\000i\000o\000n}{section.6.6}% 166
\BOOKMARK [2][-]{subsection.6.6.2}{\376\377\000C\000o\000m\000m\000e\000n\000t\000a\000i\000r\000e\000s\000\040\000e\000t\000\040\000n\000o\000t\000i\000f\000i\000c\000a\000t\000i\000o\000n\000s}{section.6.6}% 167
\BOOKMARK [1][-]{section.6.7}{\376\377\000T\000e\000s\000t\000\040\000e\000t\000\040\000v\000a\000l\000i\000d\000a\000t\000i\000o\000n}{chapter.6}% 168
\BOOKMARK [2][-]{subsection.6.7.1}{\376\377\000T\000e\000s\000t\000s\000\040\000r\000\351\000a\000l\000i\000s\000\351\000s}{section.6.7}% 169
\BOOKMARK [2][-]{subsection.6.7.2}{\376\377\000V\000a\000l\000i\000d\000a\000t\000i\000o\000n}{section.6.7}% 170
\BOOKMARK [2][-]{subsection.6.7.3}{\376\377\000G\000e\000s\000t\000i\000o\000n\000\040\000d\000e\000s\000\040\000v\000e\000r\000s\000i\000o\000n\000s\000\040\000e\000t\000\040\000c\000o\000m\000m\000i\000t\000s}{section.6.7}% 171
\BOOKMARK [1][-]{section.6.8}{\376\377\000C\000o\000n\000c\000l\000u\000s\000i\000o\000n}{chapter.6}% 172
\BOOKMARK [1][-]{section.6.9}{\376\377\000I\000n\000t\000r\000o\000d\000u\000c\000t\000i\000o\000n}{chapter.6}% 173
\BOOKMARK [1][-]{section.6.10}{\376\377\000O\000b\000j\000e\000c\000t\000i\000f\000s\000\040\000d\000u\000\040\000s\000p\000r\000i\000n\000t\000\040\000e\000t\000\040\000p\000l\000a\000n\000i\000f\000i\000c\000a\000t\000i\000o\000n\000\040\000d\000e\000s\000\040\000t\000\342\000c\000h\000e\000s}{chapter.6}% 174
\BOOKMARK [2][-]{subsection.6.10.1}{\376\377\000O\000b\000j\000e\000c\000t\000i\000f\000s\000\040\000a\000t\000t\000e\000n\000d\000u\000s}{section.6.10}% 175
\BOOKMARK [2][-]{subsection.6.10.2}{\376\377\000S\000p\000r\000i\000n\000t\000\040\000B\000a\000c\000k\000l\000o\000g}{section.6.10}% 176
\BOOKMARK [1][-]{section.6.11}{\376\377\000T\000e\000c\000h\000n\000o\000l\000o\000g\000i\000e\000s\000\040\000e\000t\000\040\000c\000o\000n\000c\000e\000p\000t\000s\000\040\000u\000t\000i\000l\000i\000s\000\351\000s}{chapter.6}% 177
\BOOKMARK [2][-]{subsection.6.11.1}{\376\377\000O\000W\000A\000S\000P\000\040\000Z\000A\000P\000\040\000\050\000A\000P\000I\000\040\000R\000E\000S\000T\000\040\000d\000a\000e\000m\000o\000n\000\051}{section.6.11}% 178
\BOOKMARK [2][-]{subsection.6.11.2}{\376\377\000p\000y\000t\000h\000o\000n\000-\000s\000o\000c\000k\000e\000t\000i\000o\000\040\000\050\000S\000o\000c\000k\000e\000t\000.\000I\000O\000\040\000t\000e\000m\000p\000s\000\040\000r\000\351\000e\000l\000\051}{section.6.11}% 179
\BOOKMARK [2][-]{subsection.6.11.3}{\376\377\000O\000l\000l\000a\000m\000a\000\040\000\050\000L\000L\000M\000\040\000l\000o\000c\000a\000l\000\040\040\024\000\040\000M\000i\000s\000t\000r\000a\000l\000/\000Q\000w\000e\000n\000\051}{section.6.11}% 180
\BOOKMARK [2][-]{subsection.6.11.4}{\376\377\000R\000e\000p\000o\000r\000t\000L\000a\000b\000\040\000\050\000g\000\351\000n\000\351\000r\000a\000t\000i\000o\000n\000\040\000P\000D\000F\000\051}{section.6.11}% 181
\BOOKMARK [1][-]{section.6.12}{\376\377\000A\000n\000a\000l\000y\000s\000e\000\040\000e\000t\000\040\000s\000p\000\351\000c\000i\000f\000i\000c\000a\000t\000i\000o\000n\000\040\000d\000e\000s\000\040\000b\000e\000s\000o\000i\000n\000s}{chapter.6}% 182
\BOOKMARK [2][-]{subsection.6.12.1}{\376\377\000D\000i\000a\000g\000r\000a\000m\000m\000e\000\040\000d\000e\000\040\000c\000a\000s\000\040\000d\000'\000u\000t\000i\000l\000i\000s\000a\000t\000i\000o\000n\000\040\000d\000u\000\040\000s\000p\000r\000i\000n\000t}{section.6.12}% 183
\BOOKMARK [2][-]{subsection.6.12.2}{\376\377\000D\000e\000s\000c\000r\000i\000p\000t\000i\000o\000n\000\040\000d\000\351\000t\000a\000i\000l\000l\000\351\000e\000\040\000d\000e\000s\000\040\000c\000a\000s\000\040\000d\000'\000u\000t\000i\000l\000i\000s\000a\000t\000i\000o\000n}{section.6.12}% 184
\BOOKMARK [1][-]{section.6.13}{\376\377\000M\000o\000d\000\351\000l\000i\000s\000a\000t\000i\000o\000n\000\040\000c\000o\000n\000c\000e\000p\000t\000u\000e\000l\000l\000e}{chapter.6}% 185
\BOOKMARK [2][-]{subsection.6.13.1}{\376\377\000D\000i\000a\000g\000r\000a\000m\000m\000e\000\040\000d\000e\000\040\000c\000l\000a\000s\000s\000e\000s}{section.6.13}% 186
\BOOKMARK [2][-]{subsection.6.13.2}{\376\377\000D\000i\000a\000g\000r\000a\000m\000m\000e\000s\000\040\000d\000e\000\040\000s\000\351\000q\000u\000e\000n\000c\000e}{section.6.13}% 187
\BOOKMARK [1][-]{section.6.14}{\376\377\000R\000\351\000a\000l\000i\000s\000a\000t\000i\000o\000n}{chapter.6}% 188
\BOOKMARK [2][-]{subsection.6.14.1}{\376\377\000I\000n\000t\000\351\000g\000r\000a\000t\000i\000o\000n\000\040\000D\000A\000S\000T\000\040\000\050\000O\000W\000A\000S\000P\000\040\000Z\000A\000P\000\051}{section.6.14}% 189
\BOOKMARK [2][-]{subsection.6.14.2}{\376\377\000O\000r\000c\000h\000e\000s\000t\000r\000a\000t\000i\000o\000n\000\040\000e\000t\000\040\000w\000o\000r\000k\000f\000l\000o\000w\000\040\000d\000e\000\040\000v\000u\000l\000n\000\351\000r\000a\000b\000i\000l\000i\000t\000\351\000s}{section.6.14}% 190
\BOOKMARK [2][-]{subsection.6.14.3}{\376\377\000A\000s\000s\000i\000s\000t\000a\000n\000t\000\040\000I\000A\000\040\000\050\000O\000l\000l\000a\000m\000a\000\051}{section.6.14}% 191
\BOOKMARK [1][-]{section.6.15}{\376\377\000T\000e\000s\000t\000\040\000e\000t\000\040\000v\000a\000l\000i\000d\000a\000t\000i\000o\000n}{chapter.6}% 192
\BOOKMARK [2][-]{subsection.6.15.1}{\376\377\000T\000e\000s\000t\000s\000\040\000r\000\351\000a\000l\000i\000s\000\351\000s}{section.6.15}% 193
\BOOKMARK [2][-]{subsection.6.15.2}{\376\377\000V\000a\000l\000i\000d\000a\000t\000i\000o\000n}{section.6.15}% 194
\BOOKMARK [2][-]{subsection.6.15.3}{\376\377\000G\000e\000s\000t\000i\000o\000n\000\040\000d\000e\000s\000\040\000v\000e\000r\000s\000i\000o\000n\000s\000\040\000e\000t\000\040\000c\000o\000m\000m\000i\000t\000s}{section.6.15}% 195
\BOOKMARK [1][-]{section.6.16}{\376\377\000C\000o\000n\000c\000l\000u\000s\000i\000o\000n}{chapter.6}% 196
\BOOKMARK [0][-]{chapter.7}{\376\377\000S\000p\000r\000i\000n\000t\000\040\0005\000\040\040\023\000\040\000D\000a\000s\000h\000b\000o\000a\000r\000d\000,\000\040\000R\000e\000c\000o\000m\000m\000a\000n\000d\000a\000t\000i\000o\000n\000\040\000L\000L\000M\000\040\000e\000t\000\040\000R\000a\000p\000p\000o\000r\000t}{}% 197
\BOOKMARK [1][-]{section.7.1}{\376\377\000I\000n\000t\000r\000o\000d\000u\000c\000t\000i\000o\000n}{chapter.7}% 198
\BOOKMARK [1][-]{section.7.2}{\376\377\000O\000b\000j\000e\000c\000t\000i\000f\000s\000\040\000d\000u\000\040\000s\000p\000r\000i\000n\000t\000\040\000e\000t\000\040\000p\000l\000a\000n\000i\000f\000i\000c\000a\000t\000i\000o\000n\000\040\000d\000e\000s\000\040\000t\000\342\000c\000h\000e\000s}{chapter.7}% 199
\BOOKMARK [2][-]{subsection.7.2.1}{\376\377\000O\000b\000j\000e\000c\000t\000i\000f\000s\000\040\000a\000t\000t\000e\000n\000d\000u\000s}{section.7.2}% 200
\BOOKMARK [2][-]{subsection.7.2.2}{\376\377\000S\000p\000r\000i\000n\000t\000\040\000B\000a\000c\000k\000l\000o\000g}{section.7.2}% 201
\BOOKMARK [1][-]{section.7.3}{\376\377\000T\000e\000c\000h\000n\000o\000l\000o\000g\000i\000e\000s\000\040\000e\000t\000\040\000c\000o\000n\000c\000e\000p\000t\000s\000\040\000u\000t\000i\000l\000i\000s\000\351\000s}{chapter.7}% 202
\BOOKMARK [2][-]{subsection.7.3.1}{\376\377\000O\000l\000l\000a\000m\000a\000\040\040\024\000\040\000L\000L\000M\000\040\000l\000o\000c\000a\000l\000\040\000\050\000M\000i\000s\000t\000r\000a\000l\000,\000\040\000Q\000w\000e\000n\000\051}{section.7.3}% 203
\BOOKMARK [2][-]{subsection.7.3.2}{\376\377\000R\000e\000p\000o\000r\000t\000L\000a\000b\000\040\000\050\000g\000\351\000n\000\351\000r\000a\000t\000i\000o\000n\000\040\000P\000D\000F\000\051}{section.7.3}% 204
\BOOKMARK [2][-]{subsection.7.3.3}{\376\377\000A\000g\000r\000\351\000g\000a\000t\000i\000o\000n\000s\000\040\000P\000o\000s\000t\000g\000r\000e\000S\000Q\000L\000\040\000\050\000t\000a\000b\000l\000e\000a\000u\000\040\000d\000e\000\040\000b\000o\000r\000d\000\051}{section.7.3}% 205
\BOOKMARK [1][-]{section.7.4}{\376\377\000A\000n\000a\000l\000y\000s\000e\000\040\000e\000t\000\040\000s\000p\000\351\000c\000i\000f\000i\000c\000a\000t\000i\000o\000n\000\040\000d\000e\000s\000\040\000b\000e\000s\000o\000i\000n\000s}{chapter.7}% 206
\BOOKMARK [2][-]{subsection.7.4.1}{\376\377\000D\000i\000a\000g\000r\000a\000m\000m\000e\000\040\000d\000e\000\040\000c\000a\000s\000\040\000d\000'\000u\000t\000i\000l\000i\000s\000a\000t\000i\000o\000n\000\040\000d\000u\000\040\000s\000p\000r\000i\000n\000t}{section.7.4}% 207
\BOOKMARK [2][-]{subsection.7.4.2}{\376\377\000D\000e\000s\000c\000r\000i\000p\000t\000i\000o\000n\000\040\000d\000\351\000t\000a\000i\000l\000l\000\351\000e\000\040\000d\000e\000s\000\040\000c\000a\000s\000\040\000d\000'\000u\000t\000i\000l\000i\000s\000a\000t\000i\000o\000n}{section.7.4}% 208
\BOOKMARK [1][-]{section.7.5}{\376\377\000M\000o\000d\000\351\000l\000i\000s\000a\000t\000i\000o\000n\000\040\000c\000o\000n\000c\000e\000p\000t\000u\000e\000l\000l\000e}{chapter.7}% 209
\BOOKMARK [2][-]{subsection.7.5.1}{\376\377\000D\000i\000a\000g\000r\000a\000m\000m\000e\000\040\000d\000e\000\040\000c\000l\000a\000s\000s\000e\000s}{section.7.5}% 210
\BOOKMARK [2][-]{subsection.7.5.2}{\376\377\000D\000i\000a\000g\000r\000a\000m\000m\000e\000\040\000d\000e\000\040\000s\000\351\000q\000u\000e\000n\000c\000e}{section.7.5}% 211
\BOOKMARK [1][-]{section.7.6}{\376\377\000R\000\351\000a\000l\000i\000s\000a\000t\000i\000o\000n}{chapter.7}% 212
\BOOKMARK [2][-]{subsection.7.6.1}{\376\377\000T\000a\000b\000l\000e\000a\000u\000\040\000d\000e\000\040\000b\000o\000r\000d\000\040\000a\000n\000a\000l\000y\000t\000i\000q\000u\000e}{section.7.6}% 213
\BOOKMARK [2][-]{subsection.7.6.2}{\376\377\000A\000s\000s\000i\000s\000t\000a\000n\000c\000e\000\040\000I\000A\000\040\000l\000o\000c\000a\000l\000e\000\040\000\050\000O\000l\000l\000a\000m\000a\000\051}{section.7.6}% 214
\BOOKMARK [2][-]{subsection.7.6.3}{\376\377\000G\000\351\000n\000\351\000r\000a\000t\000i\000o\000n\000\040\000d\000e\000\040\000r\000a\000p\000p\000o\000r\000t\000s\000\040\000\050\000R\000e\000p\000o\000r\000t\000L\000a\000b\000\040\000+\000\040\000J\000S\000O\000N\000\051}{section.7.6}% 215
\BOOKMARK [1][-]{section.7.7}{\376\377\000T\000e\000s\000t\000\040\000e\000t\000\040\000v\000a\000l\000i\000d\000a\000t\000i\000o\000n}{chapter.7}% 216
\BOOKMARK [2][-]{subsection.7.7.1}{\376\377\000T\000e\000s\000t\000s\000\040\000r\000\351\000a\000l\000i\000s\000\351\000s}{section.7.7}% 217
\BOOKMARK [2][-]{subsection.7.7.2}{\376\377\000V\000a\000l\000i\000d\000a\000t\000i\000o\000n}{section.7.7}% 218
\BOOKMARK [2][-]{subsection.7.7.3}{\376\377\000G\000e\000s\000t\000i\000o\000n\000\040\000d\000e\000s\000\040\000v\000e\000r\000s\000i\000o\000n\000s\000\040\000e\000t\000\040\000c\000o\000m\000m\000i\000t\000s}{section.7.7}% 219
\BOOKMARK [1][-]{section.7.8}{\376\377\000C\000o\000n\000c\000l\000u\000s\000i\000o\000n}{chapter.7}% 220
\BOOKMARK [0][-]{chapter*.99}{\376\377\000C\000O\000N\000C\000L\000U\000S\000I\000O\000N\000\040\000G\000\311\000N\000\311\000R\000A\000L\000E}{}% 221
\BOOKMARK [0][-]{section*.100}{\376\377\000B\000I\000B\000L\000I\000O\000G\000R\000A\000P\000H\000I\000E}{}% 222
